// Vitest Snapshot v1, https://vitest.dev/guide/snapshot.html

exports[`AsyncActionButton > Snapshot Tests - UI Design Freeze > should match snapshot in loading state 1`] = `
<button
  disabled=""
>
  Loading...
</button>
`;

exports[`AsyncActionButton > Snapshot Tests - UI Design Freeze > should match snapshot in normal state 1`] = `
<button>
  Submit
</button>
`;
